src/routes/dashboard.routes.ts(52,76): error TS2304: Cannot find name 'AuthRequest'.
